// Jest Snapshot v1, https://goo.gl/fbAQLP

exports[`Button component renders correctly 1`] = `
<button
  className="text-center font-poppins font-normal text-black text-2xl uppercase w-fit px-6 py-2.5 bg-button-blue leading-tight rounded shadow-md hover:bg-button-blue/90 hover:shadow-lg focus:bg-button-blue/90 focus:shadow-lg focus:outline-none focus:ring-0 active:bg-button-blue/90 active:shadow-lg transition duration-150 ease-in-out"
  onClick={[Function]}
  type="button"
>
  Test
</button>
`;
