// Jest Snapshot v1, https://goo.gl/fbAQLP

exports[`RecentBlog component renders correctly 1`] = `
<div
  className="bg-light-blue h-screen md:h-screen"
>
  <h1
    className="text-5xl leading-10 uppercase pt-16 pb-24 pl-40 font-poppins"
  >
    Recent BLOGs
  </h1>
  <div
    className="px-36 "
  >
    <div
      className="react-multi-carousel-list  "
      dir="ltr"
    >
      <ul
        className="react-multi-carousel-track "
        onMouseDown={[Function]}
        onMouseEnter={[Function]}
        onMouseLeave={[Function]}
        onMouseMove={[Function]}
        onMouseUp={[Function]}
        onTouchEnd={[Function]}
        onTouchMove={[Function]}
        onTouchStart={[Function]}
        style={
          Object {
            "overflow": "unset",
            "transform": "translate3d(0px,0,0)",
            "transition": "none",
          }
        }
      />
    </div>
  </div>
</div>
`;
